Archive member included to satisfy reference by file (symbol)

d:/stm32cubeide_1.7.0/stm32cubeide/plugins/com.st.stm32cube.ide.mcu.externaltools.gnu-tools-for-stm32.9-2020-q2-update.win32_2.0.0.202105311346/tools/bin/../lib/gcc/arm-none-eabi/9.3.1/../../../../arm-none-eabi/lib/thumb/v7-m/nofp\libc_nano.a(lib_a-errno.o)
                              ./Core/Src/syscalls.o (__errno)
d:/stm32cubeide_1.7.0/stm32cubeide/plugins/com.st.stm32cube.ide.mcu.externaltools.gnu-tools-for-stm32.9-2020-q2-update.win32_2.0.0.202105311346/tools/bin/../lib/gcc/arm-none-eabi/9.3.1/../../../../arm-none-eabi/lib/thumb/v7-m/nofp\libc_nano.a(lib_a-exit.o)
                              d:/stm32cubeide_1.7.0/stm32cubeide/plugins/com.st.stm32cube.ide.mcu.externaltools.gnu-tools-for-stm32.9-2020-q2-update.win32_2.0.0.202105311346/tools/bin/../lib/gcc/arm-none-eabi/9.3.1/../../../../arm-none-eabi/lib/thumb/v7-m/nofp/crt0.o (exit)
d:/stm32cubeide_1.7.0/stm32cubeide/plugins/com.st.stm32cube.ide.mcu.externaltools.gnu-tools-for-stm32.9-2020-q2-update.win32_2.0.0.202105311346/tools/bin/../lib/gcc/arm-none-eabi/9.3.1/../../../../arm-none-eabi/lib/thumb/v7-m/nofp\libc_nano.a(lib_a-impure.o)
                              d:/stm32cubeide_1.7.0/stm32cubeide/plugins/com.st.stm32cube.ide.mcu.externaltools.gnu-tools-for-stm32.9-2020-q2-update.win32_2.0.0.202105311346/tools/bin/../lib/gcc/arm-none-eabi/9.3.1/../../../../arm-none-eabi/lib/thumb/v7-m/nofp\libc_nano.a(lib_a-exit.o) (_global_impure_ptr)
d:/stm32cubeide_1.7.0/stm32cubeide/plugins/com.st.stm32cube.ide.mcu.externaltools.gnu-tools-for-stm32.9-2020-q2-update.win32_2.0.0.202105311346/tools/bin/../lib/gcc/arm-none-eabi/9.3.1/../../../../arm-none-eabi/lib/thumb/v7-m/nofp\libc_nano.a(lib_a-init.o)
                              d:/stm32cubeide_1.7.0/stm32cubeide/plugins/com.st.stm32cube.ide.mcu.externaltools.gnu-tools-for-stm32.9-2020-q2-update.win32_2.0.0.202105311346/tools/bin/../lib/gcc/arm-none-eabi/9.3.1/../../../../arm-none-eabi/lib/thumb/v7-m/nofp/crt0.o (__libc_init_array)
d:/stm32cubeide_1.7.0/stm32cubeide/plugins/com.st.stm32cube.ide.mcu.externaltools.gnu-tools-for-stm32.9-2020-q2-update.win32_2.0.0.202105311346/tools/bin/../lib/gcc/arm-none-eabi/9.3.1/../../../../arm-none-eabi/lib/thumb/v7-m/nofp\libc_nano.a(lib_a-memset.o)
                              d:/stm32cubeide_1.7.0/stm32cubeide/plugins/com.st.stm32cube.ide.mcu.externaltools.gnu-tools-for-stm32.9-2020-q2-update.win32_2.0.0.202105311346/tools/bin/../lib/gcc/arm-none-eabi/9.3.1/../../../../arm-none-eabi/lib/thumb/v7-m/nofp/crt0.o (memset)

Allocating common symbols
Common symbol       size              file

uwTick              0x4               ./Drivers/STM32F1xx_HAL_Driver/Src/stm32f1xx_hal.o
pFlash              0x20              ./Drivers/STM32F1xx_HAL_Driver/Src/stm32f1xx_hal_flash.o
htim2               0x48              ./Core/Src/main.o

Discarded input sections

 .text          0x0000000000000000        0x0 d:/stm32cubeide_1.7.0/stm32cubeide/plugins/com.st.stm32cube.ide.mcu.externaltools.gnu-tools-for-stm32.9-2020-q2-update.win32_2.0.0.202105311346/tools/bin/../lib/gcc/arm-none-eabi/9.3.1/thumb/v7-m/nofp/crti.o
 .data          0x0000000000000000        0x0 d:/stm32cubeide_1.7.0/stm32cubeide/plugins/com.st.stm32cube.ide.mcu.externaltools.gnu-tools-for-stm32.9-2020-q2-update.win32_2.0.0.202105311346/tools/bin/../lib/gcc/arm-none-eabi/9.3.1/thumb/v7-m/nofp/crti.o
 .bss           0x0000000000000000        0x0 d:/stm32cubeide_1.7.0/stm32cubeide/plugins/com.st.stm32cube.ide.mcu.externaltools.gnu-tools-for-stm32.9-2020-q2-update.win32_2.0.0.202105311346/tools/bin/../lib/gcc/arm-none-eabi/9.3.1/thumb/v7-m/nofp/crti.o
 .data          0x0000000000000000        0x4 d:/stm32cubeide_1.7.0/stm32cubeide/plugins/com.st.stm32cube.ide.mcu.externaltools.gnu-tools-for-stm32.9-2020-q2-update.win32_2.0.0.202105311346/tools/bin/../lib/gcc/arm-none-eabi/9.3.1/thumb/v7-m/nofp/crtbegin.o
 .text          0x0000000000000000       0x7c d:/stm32cubeide_1.7.0/stm32cubeide/plugins/com.st.stm32cube.ide.mcu.externaltools.gnu-tools-for-stm32.9-2020-q2-update.win32_2.0.0.202105311346/tools/bin/../lib/gcc/arm-none-eabi/9.3.1/../../../../arm-none-eabi/lib/thumb/v7-m/nofp/crt0.o
 .data          0x0000000000000000        0x0 d:/stm32cubeide_1.7.0/stm32cubeide/plugins/com.st.stm32cube.ide.mcu.externaltools.gnu-tools-for-stm32.9-2020-q2-update.win32_2.0.0.202105311346/tools/bin/../lib/gcc/arm-none-eabi/9.3.1/../../../../arm-none-eabi/lib/thumb/v7-m/nofp/crt0.o
 .bss           0x0000000000000000        0x0 d:/stm32cubeide_1.7.0/stm32cubeide/plugins/com.st.stm32cube.ide.mcu.externaltools.gnu-tools-for-stm32.9-2020-q2-update.win32_2.0.0.202105311346/tools/bin/../lib/gcc/arm-none-eabi/9.3.1/../../../../arm-none-eabi/lib/thumb/v7-m/nofp/crt0.o
[...]
Memory Configuration

Name             Origin             Length             Attributes
RAM              0x0000000020000000 0x0000000000002800 xrw
FLASH            0x0000000008000000 0x0000000000008000 xr
*default*        0x0000000000000000 0xffffffffffffffff

Linker script and memory map

LOAD d:/stm32cubeide_1.7.0/stm32cubeide/plugins/com.st.stm32cube.ide.mcu.externaltools.gnu-tools-for-stm32.9-2020-q2-update.win32_2.0.0.202105311346/tools/bin/../lib/gcc/arm-none-eabi/9.3.1/thumb/v7-m/nofp/crti.o
LOAD d:/stm32cubeide_1.7.0/stm32cubeide/plugins/com.st.stm32cube.ide.mcu.externaltools.gnu-tools-for-stm32.9-2020-q2-update.win32_2.0.0.202105311346/tools/bin/../lib/gcc/arm-none-eabi/9.3.1/thumb/v7-m/nofp/crtbegin.o
LOAD d:/stm32cubeide_1.7.0/stm32cubeide/plugins/com.st.stm32cube.ide.mcu.externaltools.gnu-tools-for-stm32.9-2020-q2-update.win32_2.0.0.202105311346/tools/bin/../lib/gcc/arm-none-eabi/9.3.1/../../../../arm-none-eabi/lib/thumb/v7-m/nofp/crt0.o
LOAD ./Core/Src/display7SEG.o
LOAD ./Core/Src/displayLED.o
LOAD ./Core/Src/fsm_automatic.o
LOAD ./Core/Src/fsm_btn_handler.o
LOAD ./Core/Src/fsm_config.o
LOAD ./Core/Src/fsm_manual.o
LOAD ./Core/Src/global.o
LOAD ./Core/Src/input_reading.o
LOAD ./Core/Src/main.o
LOAD ./Core/Src/scheduler.o
LOAD ./Core/Src/stm32f1xx_hal_msp.o
LOAD ./Core/Src/stm32f1xx_it.o
LOAD ./Core/Src/syscalls.o
LOAD ./Core/Src/sysmem.o
LOAD ./Core/Src/system_stm32f1xx.o
LOAD ./Core/Startup/startup_stm32f103c6ux.o
LOAD ./Drivers/STM32F1xx_HAL_Driver/Src/stm32f1xx_hal.o
LOAD ./Drivers/STM32F1xx_HAL_Driver/Src/stm32f1xx_hal_cortex.o
LOAD ./Drivers/STM32F1xx_HAL_Driver/Src/stm32f1xx_hal_dma.o
LOAD ./Drivers/STM32F1xx_HAL_Driver/Src/stm32f1xx_hal_exti.o
LOAD ./Drivers/STM32F1xx_HAL_Driver/Src/stm32f1xx_hal_flash.o
LOAD ./Drivers/STM32F1xx_HAL_Driver/Src/stm32f1xx_hal_flash_ex.o
LOAD ./Drivers/STM32F1xx_HAL_Driver/Src/stm32f1xx_hal_gpio.o
LOAD ./Drivers/STM32F1xx_HAL_Driver/Src/stm32f1xx_hal_gpio_ex.o
LOAD ./Drivers/STM32F1xx_HAL_Driver/Src/stm32f1xx_hal_pwr.o
LOAD ./Drivers/STM32F1xx_HAL_Driver/Src/stm32f1xx_hal_rcc.o
LOAD ./Drivers/STM32F1xx_HAL_Driver/Src/stm32f1xx_hal_rcc_ex.o
LOAD ./Drivers/STM32F1xx_HAL_Driver/Src/stm32f1xx_hal_tim.o
LOAD ./Drivers/STM32F1xx_HAL_Driver/Src/stm32f1xx_hal_tim_ex.o
START GROUP
LOAD d:/stm32cubeide_1.7.0/stm32cubeide/plugins/com.st.stm32cube.ide.mcu.externaltools.gnu-tools-for-stm32.9-2020-q2-update.win32_2.0.0.202105311346/tools/bin/../lib/gcc/arm-none-eabi/9.3.1/../../../../arm-none-eabi/lib/thumb/v7-m/nofp\libc_nano.a
LOAD d:/stm32cubeide_1.7.0/stm32cubeide/plugins/com.st.stm32cube.ide.mcu.externaltools.gnu-tools-for-stm32.9-2020-q2-update.win32_2.0.0.202105311346/tools/bin/../lib/gcc/arm-none-eabi/9.3.1/../../../../arm-none-eabi/lib/thumb/v7-m/nofp\libm.a
END GROUP
START GROUP
LOAD d:/stm32cubeide_1.7.0/stm32cubeide/plugins/com.st.stm32cube.ide.mcu.externaltools.gnu-tools-for-stm32.9-2020-q2-update.win32_2.0.0.202105311346/tools/bin/../lib/gcc/arm-none-eabi/9.3.1/thumb/v7-m/nofp\libgcc.a
LOAD d:/stm32cubeide_1.7.0/stm32cubeide/plugins/com.st.stm32cube.ide.mcu.externaltools.gnu-tools-for-stm32.9-2020-q2-update.win32_2.0.0.202105311346/tools/bin/../lib/gcc/arm-none-eabi/9.3.1/../../../../arm-none-eabi/lib/thumb/v7-m/nofp\libc_nano.a
END GROUP
START GROUP
LOAD d:/stm32cubeide_1.7.0/stm32cubeide/plugins/com.st.stm32cube.ide.mcu.externaltools.gnu-tools-for-stm32.9-2020-q2-update.win32_2.0.0.202105311346/tools/bin/../lib/gcc/arm-none-eabi/9.3.1/thumb/v7-m/nofp\libgcc.a
LOAD d:/stm32cubeide_1.7.0/stm32cubeide/plugins/com.st.stm32cube.ide.mcu.externaltools.gnu-tools-for-stm32.9-2020-q2-update.win32_2.0.0.202105311346/tools/bin/../lib/gcc/arm-none-eabi/9.3.1/../../../../arm-none-eabi/lib/thumb/v7-m/nofp\libc_nano.a
LOAD d:/stm32cubeide_1.7.0/stm32cubeide/plugins/com.st.stm32cube.ide.mcu.externaltools.gnu-tools-for-stm32.9-2020-q2-update.win32_2.0.0.202105311346/tools/bin/../lib/gcc/arm-none-eabi/9.3.1/../../../../arm-none-eabi/lib/thumb/v7-m/nofp\libnosys.a
END GROUP
START GROUP
LOAD d:/stm32cubeide_1.7.0/stm32cubeide/plugins/com.st.stm32cube.ide.mcu.externaltools.gnu-tools-for-stm32.9-2020-q2-update.win32_2.0.0.202105311346/tools/bin/../lib/gcc/arm-none-eabi/9.3.1/thumb/v7-m/nofp\libgcc.a
LOAD d:/stm32cubeide_1.7.0/stm32cubeide/plugins/com.st.stm32cube.ide.mcu.externaltools.gnu-tools-for-stm32.9-2020-q2-update.win32_2.0.0.202105311346/tools/bin/../lib/gcc/arm-none-eabi/9.3.1/../../../../arm-none-eabi/lib/thumb/v7-m/nofp\libc_nano.a
LOAD d:/stm32cubeide_1.7.0/stm32cubeide/plugins/com.st.stm32cube.ide.mcu.externaltools.gnu-tools-for-stm32.9-2020-q2-update.win32_2.0.0.202105311346/tools/bin/../lib/gcc/arm-none-eabi/9.3.1/../../../../arm-none-eabi/lib/thumb/v7-m/nofp\libnosys.a
END GROUP
LOAD d:/stm32cubeide_1.7.0/stm32cubeide/plugins/com.st.stm32cube.ide.mcu.externaltools.gnu-tools-for-stm32.9-2020-q2-update.win32_2.0.0.202105311346/tools/bin/../lib/gcc/arm-none-eabi/9.3.1/thumb/v7-m/nofp/crtend.o
LOAD d:/stm32cubeide_1.7.0/stm32cubeide/plugins/com.st.stm32cube.ide.mcu.externaltools.gnu-tools-for-stm32.9-2020-q2-update.win32_2.0.0.202105311346/tools/bin/../lib/gcc/arm-none-eabi/9.3.1/thumb/v7-m/nofp/crtn.o
                0x0000000020002800                _estack = (ORIGIN (RAM) + LENGTH (RAM))
                0x0000000000000200                _Min_Heap_Size = 0x200
                0x0000000000000400                _Min_Stack_Size = 0x400

.isr_vector     0x0000000008000000      0x10c
                0x0000000008000000                . = ALIGN (0x4)
 *(.isr_vector)
 .isr_vector    0x0000000008000000      0x10c ./Core/Startup/startup_stm32f103c6ux.o
                0x0000000008000000                g_pfnVectors
                0x000000000800010c                . = ALIGN (0x4)

.text           0x000000000800010c     0x2d4c
                0x000000000800010c                . = ALIGN (0x4)
 *(.text)
 .text          0x000000000800010c       0x40 d:/stm32cubeide_1.7.0/stm32cubeide/plugins/com.st.stm32cube.ide.mcu.externaltools.gnu-tools-for-stm32.9-2020-q2-update.win32_2.0.0.202105311346/tools/bin/../lib/gcc/arm-none-eabi/9.3.1/thumb/v7-m/nofp/crtbegin.o
 *(.text*)
 .text.clear_all_7seg_en
                0x000000000800014c       0x34 ./Core/Src/display7SEG.o
                0x000000000800014c                clear_all_7seg_en
 .text.display7SEG_0
                0x0000000008000180      0x104 ./Core/Src/display7SEG.o
                0x0000000008000180                display7SEG_0
 .text.display7SEG_1
                0x0000000008000284      0x104 ./Core/Src/display7SEG.o
                0x0000000008000284                display7SEG_1
 .text.set_7seg_buffer_0
                0x0000000008000388       0x48 ./Core/Src/display7SEG.o
                0x0000000008000388                set_7seg_buffer_0
 .text.set_7seg_buffer_1
                0x00000000080003d0       0x48 ./Core/Src/display7SEG.o
                0x00000000080003d0                set_7seg_buffer_1
 .text.update_7seg_multiplex
                0x0000000008000418       0xac ./Core/Src/display7SEG.o
                0x0000000008000418                update_7seg_multiplex
 .text.blink_debug_led
                0x00000000080004c4       0x14 ./Core/Src/displayLED.o
                0x00000000080004c4                blink_debug_led
 .text.blink_red_LEDs
                0x00000000080004d8       0x1c ./Core/Src/displayLED.o
                0x00000000080004d8                blink_red_LEDs
 .text.blink_amber_LEDs
                0x00000000080004f4       0x1c ./Core/Src/displayLED.o
                0x00000000080004f4                blink_amber_LEDs
 .text.blink_green_LEDs
                0x0000000008000510       0x1c ./Core/Src/displayLED.o
                0x0000000008000510                blink_green_LEDs
 .text.set_red_LEDs
                0x000000000800052c       0x34 ./Core/Src/displayLED.o
                0x000000000800052c                set_red_LEDs
 .text.set_amber_LEDs
                0x0000000008000560       0x34 ./Core/Src/displayLED.o
                0x0000000008000560                set_amber_LEDs
 .text.set_green_LEDs
                0x0000000008000594       0x34 ./Core/Src/displayLED.o
                0x0000000008000594                set_green_LEDs
 .text.clear_all_LEDs
                0x00000000080005c8       0x20 ./Core/Src/displayLED.o
                0x00000000080005c8                clear_all_LEDs
 .text.fsm_automatic_run
                0x00000000080005e8      0x264 ./Core/Src/fsm_automatic.o
                0x00000000080005e8                fsm_automatic_run
 .text.fsm_config_run
                0x000000000800084c      0x228 ./Core/Src/fsm_config.o
                0x000000000800084c                fsm_config_run
 .text.fsm_manual_run
                0x0000000008000a74      0x1d8 ./Core/Src/fsm_manual.o
                0x0000000008000a74                fsm_manual_run
 .text.button_reading
                0x0000000008000c4c      0x15c ./Core/Src/input_reading.o
                0x0000000008000c4c                button_reading
 .text.is_button_pressed
                0x0000000008000da8       0x34 ./Core/Src/input_reading.o
                0x0000000008000da8                is_button_pressed
 .text.main     0x0000000008000ddc       0x64 ./Core/Src/main.o
                0x0000000008000ddc                main
 .text.SystemClock_Config
                0x0000000008000e40       0x76 ./Core/Src/main.o
                0x0000000008000e40                SystemClock_Config
 *fill*         0x0000000008000eb6        0x2 
 .text.MX_TIM2_Init
                0x0000000008000eb8       0x98 ./Core/Src/main.o
 .text.MX_GPIO_Init
                0x0000000008000f50       0xe0 ./Core/Src/main.o
 .text.HAL_TIM_PeriodElapsedCallback
                0x0000000008001030       0x18 ./Core/Src/main.o
                0x0000000008001030                HAL_TIM_PeriodElapsedCallback
 .text.Error_Handler
                0x0000000008001048        0xa ./Core/Src/main.o
                0x0000000008001048                Error_Handler
 *fill*         0x0000000008001052        0x2 
 .text.SCH_Init
                0x0000000008001054       0x94 ./Core/Src/scheduler.o
                0x0000000008001054                SCH_Init
 .text.SCH_Add_Task
                0x00000000080010e8      0x314 ./Core/Src/scheduler.o
                0x00000000080010e8                SCH_Add_Task
 .text.SCH_Update
                0x00000000080013fc       0x40 ./Core/Src/scheduler.o
                0x00000000080013fc                SCH_Update
 .text.SCH_Dispatch_Tasks
                0x000000000800143c       0x5c ./Core/Src/scheduler.o
                0x000000000800143c                SCH_Dispatch_Tasks
 .text.SCH_Delete_Task
                0x0000000008001498      0x1e4 ./Core/Src/scheduler.o
                0x0000000008001498                SCH_Delete_Task
 .text.getNewTaskID
                0x000000000800167c       0x30 ./Core/Src/scheduler.o
 .text.HAL_MspInit
                0x00000000080016ac       0x64 ./Core/Src/stm32f1xx_hal_msp.o
                0x00000000080016ac                HAL_MspInit
 .text.HAL_TIM_Base_MspInit
                0x0000000008001710       0x48 ./Core/Src/stm32f1xx_hal_msp.o
                0x0000000008001710                HAL_TIM_Base_MspInit
 .text.NMI_Handler
                0x0000000008001758        0x6 ./Core/Src/stm32f1xx_it.o
                0x0000000008001758                NMI_Handler
 .text.HardFault_Handler
                0x000000000800175e        0x6 ./Core/Src/stm32f1xx_it.o
                0x000000000800175e                HardFault_Handler
 .text.MemManage_Handler
                0x0000000008001764        0x6 ./Core/Src/stm32f1xx_it.o
                0x0000000008001764                MemManage_Handler
 .text.BusFault_Handler
                0x000000000800176a        0x6 ./Core/Src/stm32f1xx_it.o
                0x000000000800176a                BusFault_Handler
 .text.UsageFault_Handler
                0x0000000008001770        0x6 ./Core/Src/stm32f1xx_it.o
                0x0000000008001770                UsageFault_Handler
 .text.SVC_Handler
                0x0000000008001776        0xc ./Core/Src/stm32f1xx_it.o
                0x0000000008001776                SVC_Handler
 .text.DebugMon_Handler
                0x0000000008001782        0xc ./Core/Src/stm32f1xx_it.o
                0x0000000008001782                DebugMon_Handler
 .text.PendSV_Handler
                0x000000000800178e        0xc ./Core/Src/stm32f1xx_it.o
                0x000000000800178e                PendSV_Handler
 .text.SysTick_Handler
                0x000000000800179a        0xc ./Core/Src/stm32f1xx_it.o
                0x000000000800179a                SysTick_Handler
 *fill*         0x00000000080017a6        0x2 
 .text.TIM2_IRQHandler
                0x00000000080017a8       0x14 ./Core/Src/stm32f1xx_it.o
                0x00000000080017a8                TIM2_IRQHandler
 .text.SystemInit
                0x00000000080017bc        0xc ./Core/Src/system_stm32f1xx.o
                0x00000000080017bc                SystemInit
 .text.Reset_Handler
                0x00000000080017c8       0x48 ./Core/Startup/startup_stm32f103c6ux.o
                0x00000000080017c8                Reset_Handler
 .text.Default_Handler
                0x0000000008001810        0x2 ./Core/Startup/startup_stm32f103c6ux.o
                0x0000000008001810                RTC_Alarm_IRQHandler
                0x0000000008001810                EXTI2_IRQHandler
                0x0000000008001810                TIM1_CC_IRQHandler
                0x0000000008001810                PVD_IRQHandler
                0x0000000008001810                EXTI3_IRQHandler
                0x0000000008001810                EXTI0_IRQHandler
                0x0000000008001810                ADC1_2_IRQHandler
                0x0000000008001810                SPI1_IRQHandler
                0x0000000008001810                TAMPER_IRQHandler
                0x0000000008001810                DMA1_Channel4_IRQHandler
                0x0000000008001810                RTC_IRQHandler
                0x0000000008001810                DMA1_Channel7_IRQHandler
                0x0000000008001810                CAN1_RX1_IRQHandler
                0x0000000008001810                I2C1_EV_IRQHandler
                0x0000000008001810                DMA1_Channel6_IRQHandler
                0x0000000008001810                TIM3_IRQHandler
                0x0000000008001810                RCC_IRQHandler
                0x0000000008001810                TIM1_TRG_COM_IRQHandler
                0x0000000008001810                DMA1_Channel1_IRQHandler
                0x0000000008001810                Default_Handler
                0x0000000008001810                EXTI15_10_IRQHandler
                0x0000000008001810                EXTI9_5_IRQHandler
                0x0000000008001810                DMA1_Channel5_IRQHandler
                0x0000000008001810                EXTI4_IRQHandler
                0x0000000008001810                USB_LP_CAN1_RX0_IRQHandler
                0x0000000008001810                USB_HP_CAN1_TX_IRQHandler
                0x0000000008001810                DMA1_Channel3_IRQHandler
                0x0000000008001810                TIM1_UP_IRQHandler
                0x0000000008001810                WWDG_IRQHandler
                0x0000000008001810                TIM1_BRK_IRQHandler
                0x0000000008001810                EXTI1_IRQHandler
                0x0000000008001810                USART2_IRQHandler
                0x0000000008001810                DMA1_Channel2_IRQHandler
                0x0000000008001810                CAN1_SCE_IRQHandler
                0x0000000008001810                FLASH_IRQHandler
                0x0000000008001810                USART1_IRQHandler
                0x0000000008001810                I2C1_ER_IRQHandler
                0x0000000008001810                USBWakeUp_IRQHandler
 *fill*         0x0000000008001812        0x2 
 .text.HAL_Init
                0x0000000008001814       0x2c ./Drivers/STM32F1xx_HAL_Driver/Src/stm32f1xx_hal.o
                0x0000000008001814                HAL_Init
 .text.HAL_InitTick
                0x0000000008001840       0x60 ./Drivers/STM32F1xx_HAL_Driver/Src/stm32f1xx_hal.o
                0x0000000008001840                HAL_InitTick
 .text.HAL_IncTick
                0x00000000080018a0       0x24 ./Drivers/STM32F1xx_HAL_Driver/Src/stm32f1xx_hal.o
                0x00000000080018a0                HAL_IncTick
 .text.HAL_GetTick
                0x00000000080018c4       0x14 ./Drivers/STM32F1xx_HAL_Driver/Src/stm32f1xx_hal.o
                0x00000000080018c4                HAL_GetTick
 .text.__NVIC_SetPriorityGrouping
                0x00000000080018d8       0x48 ./Drivers/STM32F1xx_HAL_Driver/Src/stm32f1xx_hal_cortex.o
 .text.__NVIC_GetPriorityGrouping
                0x0000000008001920       0x1c ./Drivers/STM32F1xx_HAL_Driver/Src/stm32f1xx_hal_cortex.o
 .text.__NVIC_EnableIRQ
                0x000000000800193c       0x38 ./Drivers/STM32F1xx_HAL_Driver/Src/stm32f1xx_hal_cortex.o
 .text.__NVIC_SetPriority
                0x0000000008001974       0x54 ./Drivers/STM32F1xx_HAL_Driver/Src/stm32f1xx_hal_cortex.o
 .text.NVIC_EncodePriority
                0x00000000080019c8       0x64 ./Drivers/STM32F1xx_HAL_Driver/Src/stm32f1xx_hal_cortex.o
 .text.SysTick_Config
                0x0000000008001a2c       0x44 ./Drivers/STM32F1xx_HAL_Driver/Src/stm32f1xx_hal_cortex.o
 .text.HAL_NVIC_SetPriorityGrouping
                0x0000000008001a70       0x16 ./Drivers/STM32F1xx_HAL_Driver/Src/stm32f1xx_hal_cortex.o
                0x0000000008001a70                HAL_NVIC_SetPriorityGrouping
 .text.HAL_NVIC_SetPriority
                0x0000000008001a86       0x38 ./Drivers/STM32F1xx_HAL_Driver/Src/stm32f1xx_hal_cortex.o
                0x0000000008001a86                HAL_NVIC_SetPriority
 .text.HAL_NVIC_EnableIRQ
                0x0000000008001abe       0x1c ./Drivers/STM32F1xx_HAL_Driver/Src/stm32f1xx_hal_cortex.o
                0x0000000008001abe                HAL_NVIC_EnableIRQ
 .text.HAL_SYSTICK_Config
                0x0000000008001ada       0x18 ./Drivers/STM32F1xx_HAL_Driver/Src/stm32f1xx_hal_cortex.o
                0x0000000008001ada                HAL_SYSTICK_Config
 *fill*         0x0000000008001af2        0x2 
 .text.HAL_GPIO_Init
                0x0000000008001af4      0x2f4 ./Drivers/STM32F1xx_HAL_Driver/Src/stm32f1xx_hal_gpio.o
                0x0000000008001af4                HAL_GPIO_Init
 .text.HAL_GPIO_ReadPin
                0x0000000008001de8       0x2e ./Drivers/STM32F1xx_HAL_Driver/Src/stm32f1xx_hal_gpio.o
                0x0000000008001de8                HAL_GPIO_ReadPin
 .text.HAL_GPIO_WritePin
                0x0000000008001e16       0x30 ./Drivers/STM32F1xx_HAL_Driver/Src/stm32f1xx_hal_gpio.o
                0x0000000008001e16                HAL_GPIO_WritePin
 .text.HAL_GPIO_TogglePin
                0x0000000008001e46       0x32 ./Drivers/STM32F1xx_HAL_Driver/Src/stm32f1xx_hal_gpio.o
                0x0000000008001e46                HAL_GPIO_TogglePin
 .text.HAL_RCC_OscConfig
                0x0000000008001e78      0x500 ./Drivers/STM32F1xx_HAL_Driver/Src/stm32f1xx_hal_rcc.o
                0x0000000008001e78                HAL_RCC_OscConfig
 .text.HAL_RCC_ClockConfig
                0x0000000008002378      0x1d4 ./Drivers/STM32F1xx_HAL_Driver/Src/stm32f1xx_hal_rcc.o
                0x0000000008002378                HAL_RCC_ClockConfig
 .text.HAL_RCC_GetSysClockFreq
                0x000000000800254c       0xa8 ./Drivers/STM32F1xx_HAL_Driver/Src/stm32f1xx_hal_rcc.o
                0x000000000800254c                HAL_RCC_GetSysClockFreq
 .text.RCC_Delay
                0x00000000080025f4       0x3c ./Drivers/STM32F1xx_HAL_Driver/Src/stm32f1xx_hal_rcc.o
 .text.HAL_TIM_Base_Init
                0x0000000008002630       0x9e ./Drivers/STM32F1xx_HAL_Driver/Src/stm32f1xx_hal_tim.o
                0x0000000008002630                HAL_TIM_Base_Init
 *fill*         0x00000000080026ce        0x2 
 .text.HAL_TIM_Base_Start_IT
                0x00000000080026d0       0x98 ./Drivers/STM32F1xx_HAL_Driver/Src/stm32f1xx_hal_tim.o
                0x00000000080026d0                HAL_TIM_Base_Start_IT
 .text.HAL_TIM_IRQHandler
                0x0000000008002768      0x1e0 ./Drivers/STM32F1xx_HAL_Driver/Src/stm32f1xx_hal_tim.o
                0x0000000008002768                HAL_TIM_IRQHandler
 .text.HAL_TIM_ConfigClockSource
                0x0000000008002948      0x18e ./Drivers/STM32F1xx_HAL_Driver/Src/stm32f1xx_hal_tim.o
                0x0000000008002948                HAL_TIM_ConfigClockSource
 .text.HAL_TIM_OC_DelayElapsedCallback
                0x0000000008002ad6       0x12 ./Drivers/STM32F1xx_HAL_Driver/Src/stm32f1xx_hal_tim.o
                0x0000000008002ad6                HAL_TIM_OC_DelayElapsedCallback
 .text.HAL_TIM_IC_CaptureCallback
                0x0000000008002ae8       0x12 ./Drivers/STM32F1xx_HAL_Driver/Src/stm32f1xx_hal_tim.o
                0x0000000008002ae8                HAL_TIM_IC_CaptureCallback
 .text.HAL_TIM_PWM_PulseFinishedCallback
                0x0000000008002afa       0x12 ./Drivers/STM32F1xx_HAL_Driver/Src/stm32f1xx_hal_tim.o
                0x0000000008002afa                HAL_TIM_PWM_PulseFinishedCallback
 .text.HAL_TIM_TriggerCallback
                0x0000000008002b0c       0x12 ./Drivers/STM32F1xx_HAL_Driver/Src/stm32f1xx_hal_tim.o
                0x0000000008002b0c                HAL_TIM_TriggerCallback
 *fill*         0x0000000008002b1e        0x2 
 .text.TIM_Base_SetConfig
                0x0000000008002b20       0xc8 ./Drivers/STM32F1xx_HAL_Driver/Src/stm32f1xx_hal_tim.o
                0x0000000008002b20                TIM_Base_SetConfig
 .text.TIM_TI1_ConfigInputStage
                0x0000000008002be8       0x5c ./Drivers/STM32F1xx_HAL_Driver/Src/stm32f1xx_hal_tim.o
 .text.TIM_TI2_ConfigInputStage
                0x0000000008002c44       0x5e ./Drivers/STM32F1xx_HAL_Driver/Src/stm32f1xx_hal_tim.o
 .text.TIM_ITRx_SetConfig
                0x0000000008002ca2       0x34 ./Drivers/STM32F1xx_HAL_Driver/Src/stm32f1xx_hal_tim.o
 .text.TIM_ETR_SetConfig
                0x0000000008002cd6       0x3e ./Drivers/STM32F1xx_HAL_Driver/Src/stm32f1xx_hal_tim.o
                0x0000000008002cd6                TIM_ETR_SetConfig
 .text.HAL_TIMEx_MasterConfigSynchronization
                0x0000000008002d14       0xb0 ./Drivers/STM32F1xx_HAL_Driver/Src/stm32f1xx_hal_tim_ex.o
                0x0000000008002d14                HAL_TIMEx_MasterConfigSynchronization
 .text.HAL_TIMEx_CommutCallback
                0x0000000008002dc4       0x12 ./Drivers/STM32F1xx_HAL_Driver/Src/stm32f1xx_hal_tim_ex.o
                0x0000000008002dc4                HAL_TIMEx_CommutCallback
 .text.HAL_TIMEx_BreakCallback
                0x0000000008002dd6       0x12 ./Drivers/STM32F1xx_HAL_Driver/Src/stm32f1xx_hal_tim_ex.o
                0x0000000008002dd6                HAL_TIMEx_BreakCallback
 .text.__libc_init_array
                0x0000000008002de8       0x48 d:/stm32cubeide_1.7.0/stm32cubeide/plugins/com.st.stm32cube.ide.mcu.externaltools.gnu-tools-for-stm32.9-2020-q2-update.win32_2.0.0.202105311346/tools/bin/../lib/gcc/arm-none-eabi/9.3.1/../../../../arm-none-eabi/lib/thumb/v7-m/nofp\libc_nano.a(lib_a-init.o)
                0x0000000008002de8                __libc_init_array
 .text.memset   0x0000000008002e30       0x10 d:/stm32cubeide_1.7.0/stm32cubeide/plugins/com.st.stm32cube.ide.mcu.externaltools.gnu-tools-for-stm32.9-2020-q2-update.win32_2.0.0.202105311346/tools/bin/../lib/gcc/arm-none-eabi/9.3.1/../../../../arm-none-eabi/lib/thumb/v7-m/nofp\libc_nano.a(lib_a-memset.o)
                0x0000000008002e30                memset
 *(.glue_7)
 .glue_7        0x0000000008002e40        0x0 linker stubs
 *(.glue_7t)
 .glue_7t       0x0000000008002e40        0x0 linker stubs
 *(.eh_frame)
 .eh_frame      0x0000000008002e40        0x0 d:/stm32cubeide_1.7.0/stm32cubeide/plugins/com.st.stm32cube.ide.mcu.externaltools.gnu-tools-for-stm32.9-2020-q2-update.win32_2.0.0.202105311346/tools/bin/../lib/gcc/arm-none-eabi/9.3.1/thumb/v7-m/nofp/crtbegin.o
 *(.init)
 .init          0x0000000008002e40        0x4 d:/stm32cubeide_1.7.0/stm32cubeide/plugins/com.st.stm32cube.ide.mcu.externaltools.gnu-tools-for-stm32.9-2020-q2-update.win32_2.0.0.202105311346/tools/bin/../lib/gcc/arm-none-eabi/9.3.1/thumb/v7-m/nofp/crti.o
                0x0000000008002e40                _init
 .init          0x0000000008002e44        0x8 d:/stm32cubeide_1.7.0/stm32cubeide/plugins/com.st.stm32cube.ide.mcu.externaltools.gnu-tools-for-stm32.9-2020-q2-update.win32_2.0.0.202105311346/tools/bin/../lib/gcc/arm-none-eabi/9.3.1/thumb/v7-m/nofp/crtn.o
 *(.fini)
 .fini          0x0000000008002e4c        0x4 d:/stm32cubeide_1.7.0/stm32cubeide/plugins/com.st.stm32cube.ide.mcu.externaltools.gnu-tools-for-stm32.9-2020-q2-update.win32_2.0.0.202105311346/tools/bin/../lib/gcc/arm-none-eabi/9.3.1/thumb/v7-m/nofp/crti.o
                0x0000000008002e4c                _fini
 .fini          0x0000000008002e50        0x8 d:/stm32cubeide_1.7.0/stm32cubeide/plugins/com.st.stm32cube.ide.mcu.externaltools.gnu-tools-for-stm32.9-2020-q2-update.win32_2.0.0.202105311346/tools/bin/../lib/gcc/arm-none-eabi/9.3.1/thumb/v7-m/nofp/crtn.o
                0x0000000008002e58                . = ALIGN (0x4)
                0x0000000008002e58                _etext = .

.vfp11_veneer   0x0000000008002e58        0x0
 .vfp11_veneer  0x0000000008002e58        0x0 linker stubs

.v4_bx          0x0000000008002e58        0x0
 .v4_bx         0x0000000008002e58        0x0 linker stubs

.iplt           0x0000000008002e58        0x0
 .iplt          0x0000000008002e58        0x0 d:/stm32cubeide_1.7.0/stm32cubeide/plugins/com.st.stm32cube.ide.mcu.externaltools.gnu-tools-for-stm32.9-2020-q2-update.win32_2.0.0.202105311346/tools/bin/../lib/gcc/arm-none-eabi/9.3.1/thumb/v7-m/nofp/crtbegin.o

.rodata         0x0000000008002e58       0x24
                0x0000000008002e58                . = ALIGN (0x4)
 *(.rodata)
 *(.rodata*)
 .rodata.AHBPrescTable
                0x0000000008002e58       0x10 ./Core/Src/system_stm32f1xx.o
                0x0000000008002e58                AHBPrescTable
 .rodata.aPLLMULFactorTable.6032
                0x0000000008002e68       0x10 ./Drivers/STM32F1xx_HAL_Driver/Src/stm32f1xx_hal_rcc.o
 .rodata.aPredivFactorTable.6033
                0x0000000008002e78        0x2 ./Drivers/STM32F1xx_HAL_Driver/Src/stm32f1xx_hal_rcc.o
                0x0000000008002e7c                . = ALIGN (0x4)
 *fill*         0x0000000008002e7a        0x2 

.rel.dyn        0x0000000008002e7c        0x0
 .rel.iplt      0x0000000008002e7c        0x0 d:/stm32cubeide_1.7.0/stm32cubeide/plugins/com.st.stm32cube.ide.mcu.externaltools.gnu-tools-for-stm32.9-2020-q2-update.win32_2.0.0.202105311346/tools/bin/../lib/gcc/arm-none-eabi/9.3.1/thumb/v7-m/nofp/crtbegin.o

.ARM.extab      0x0000000008002e7c        0x0
                0x0000000008002e7c                . = ALIGN (0x4)
 *(.ARM.extab* .gnu.linkonce.armextab.*)
                0x0000000008002e7c                . = ALIGN (0x4)

.ARM            0x0000000008002e7c        0x0
                0x0000000008002e7c                . = ALIGN (0x4)
                0x0000000008002e7c                __exidx_start = .
 *(.ARM.exidx*)
                0x0000000008002e7c                __exidx_end = .
                0x0000000008002e7c                . = ALIGN (0x4)

.preinit_array  0x0000000008002e7c        0x0
                0x0000000008002e7c                . = ALIGN (0x4)
                0x0000000008002e7c                PROVIDE (__preinit_array_start = .)
 *(.preinit_array*)
                0x0000000008002e7c                PROVIDE (__preinit_array_end = .)
                0x0000000008002e7c                . = ALIGN (0x4)

.init_array     0x0000000008002e7c        0x4
                0x0000000008002e7c                . = ALIGN (0x4)
                0x0000000008002e7c                PROVIDE (__init_array_start = .)
 *(SORT_BY_NAME(.init_array.*))
 *(.init_array*)
 .init_array    0x0000000008002e7c        0x4 d:/stm32cubeide_1.7.0/stm32cubeide/plugins/com.st.stm32cube.ide.mcu.externaltools.gnu-tools-for-stm32.9-2020-q2-update.win32_2.0.0.202105311346/tools/bin/../lib/gcc/arm-none-eabi/9.3.1/thumb/v7-m/nofp/crtbegin.o
                0x0000000008002e80                PROVIDE (__init_array_end = .)
                0x0000000008002e80                . = ALIGN (0x4)

.fini_array     0x0000000008002e80        0x4
                0x0000000008002e80                . = ALIGN (0x4)
                [!provide]                        PROVIDE (__fini_array_start = .)
 *(SORT_BY_NAME(.fini_array.*))
 *(.fini_array*)
 .fini_array    0x0000000008002e80        0x4 d:/stm32cubeide_1.7.0/stm32cubeide/plugins/com.st.stm32cube.ide.mcu.externaltools.gnu-tools-for-stm32.9-2020-q2-update.win32_2.0.0.202105311346/tools/bin/../lib/gcc/arm-none-eabi/9.3.1/thumb/v7-m/nofp/crtbegin.o
                [!provide]                        PROVIDE (__fini_array_end = .)
                0x0000000008002e84                . = ALIGN (0x4)
                0x0000000008002e84                _sidata = LOADADDR (.data)

.data           0x0000000020000000      0x144 load address 0x0000000008002e84
                0x0000000020000000                . = ALIGN (0x4)
                0x0000000020000000                _sdata = .
 *(.data)
 *(.data*)
 .data.digitSegment
                0x0000000020000000      0x118 ./Core/Src/display7SEG.o
                0x0000000020000000                digitSegment
 .data.red_counter
                0x0000000020000118        0x4 ./Core/Src/fsm_automatic.o
                0x0000000020000118                red_counter
 .data.amber_counter
                0x000000002000011c        0x4 ./Core/Src/fsm_automatic.o
                0x000000002000011c                amber_counter
 .data.green_counter
                0x0000000020000120        0x4 ./Core/Src/fsm_automatic.o
                0x0000000020000120                green_counter
 .data.last_config_status
                0x0000000020000124        0x4 ./Core/Src/fsm_config.o
                0x0000000020000124                last_config_status
 .data.mode     0x0000000020000128        0x4 ./Core/Src/global.o
                0x0000000020000128                mode
 .data.red_counter_buffer
                0x000000002000012c        0x4 ./Core/Src/global.o
                0x000000002000012c                red_counter_buffer
 .data.amber_counter_buffer
                0x0000000020000130        0x4 ./Core/Src/global.o
                0x0000000020000130                amber_counter_buffer
 .data.green_counter_buffer
                0x0000000020000134        0x4 ./Core/Src/global.o
                0x0000000020000134                green_counter_buffer
 .data.SystemCoreClock
                0x0000000020000138        0x4 ./Core/Src/system_stm32f1xx.o
                0x0000000020000138                SystemCoreClock
 .data.uwTickPrio
                0x000000002000013c        0x4 ./Drivers/STM32F1xx_HAL_Driver/Src/stm32f1xx_hal.o
                0x000000002000013c                uwTickPrio
 .data.uwTickFreq
                0x0000000020000140        0x1 ./Drivers/STM32F1xx_HAL_Driver/Src/stm32f1xx_hal.o
                0x0000000020000140                uwTickFreq
 *(.RamFunc)
 *(.RamFunc*)
                0x0000000020000144                . = ALIGN (0x4)
 *fill*         0x0000000020000141        0x3 
                0x0000000020000144                _edata = .

.igot.plt       0x0000000020000144        0x0 load address 0x0000000008002fc8
 .igot.plt      0x0000000020000144        0x0 d:/stm32cubeide_1.7.0/stm32cubeide/plugins/com.st.stm32cube.ide.mcu.externaltools.gnu-tools-for-stm32.9-2020-q2-update.win32_2.0.0.202105311346/tools/bin/../lib/gcc/arm-none-eabi/9.3.1/thumb/v7-m/nofp/crtbegin.o
                0x0000000020000144                . = ALIGN (0x4)

.bss            0x0000000020000144      0x250 load address 0x0000000008002fc8
                0x0000000020000144                _sbss = .
                0x0000000020000144                __bss_start__ = _sbss
 *(.bss)
 .bss           0x0000000020000144       0x1c d:/stm32cubeide_1.7.0/stm32cubeide/plugins/com.st.stm32cube.ide.mcu.externaltools.gnu-tools-for-stm32.9-2020-q2-update.win32_2.0.0.202105311346/tools/bin/../lib/gcc/arm-none-eabi/9.3.1/thumb/v7-m/nofp/crtbegin.o
 *(.bss*)
 .bss.led_7seg_idx
                0x0000000020000160        0x4 ./Core/Src/display7SEG.o
 .bss.time_route0
                0x0000000020000164        0x4 ./Core/Src/fsm_automatic.o
                0x0000000020000164                time_route0
 .bss.time_route1
                0x0000000020000168        0x4 ./Core/Src/fsm_automatic.o
                0x0000000020000168                time_route1
 .bss.counter   0x000000002000016c        0x4 ./Core/Src/fsm_automatic.o
 .bss.temp_counter
                0x0000000020000170        0x4 ./Core/Src/fsm_config.o
                0x0000000020000170                temp_counter
 .bss.blink_counter
                0x0000000020000174        0x4 ./Core/Src/fsm_config.o
 .bss.counter   0x0000000020000178        0x4 ./Core/Src/fsm_manual.o
 .bss.status    0x000000002000017c        0x4 ./Core/Src/global.o
                0x000000002000017c                status
 .bss.is_mode_button_locked
                0x0000000020000180        0x4 ./Core/Src/global.o
                0x0000000020000180                is_mode_button_locked
 .bss.is_up_button_locked
                0x0000000020000184        0x4 ./Core/Src/global.o
                0x0000000020000184                is_up_button_locked
 .bss.is_set_button_locked
                0x0000000020000188        0x4 ./Core/Src/global.o
                0x0000000020000188                is_set_button_locked
 .bss.led_7seg_buffer
                0x000000002000018c       0x10 ./Core/Src/global.o
                0x000000002000018c                led_7seg_buffer
 .bss.buttonBuffer
                0x000000002000019c        0x4 ./Core/Src/input_reading.o
 .bss.debounceButtonBuffer1
                0x00000000200001a0        0x4 ./Core/Src/input_reading.o
 .bss.debounceButtonBuffer2
                0x00000000200001a4        0x4 ./Core/Src/input_reading.o
 .bss.flagForButtonPress1s
                0x00000000200001a8        0x4 ./Core/Src/input_reading.o
 .bss.counterForButtonPress1s
                0x00000000200001ac        0x8 ./Core/Src/input_reading.o
 .bss.newTaskID
                0x00000000200001b4        0x4 ./Core/Src/scheduler.o
 .bss.SCH_tasks_list
                0x00000000200001b8      0x190 ./Core/Src/scheduler.o
 *(COMMON)
 COMMON         0x0000000020000348       0x48 ./Core/Src/main.o
                0x0000000020000348                htim2
 COMMON         0x0000000020000390        0x4 ./Drivers/STM32F1xx_HAL_Driver/Src/stm32f1xx_hal.o
                0x0000000020000390                uwTick
                0x0000000020000394                . = ALIGN (0x4)
                0x0000000020000394                _ebss = .
                0x0000000020000394                __bss_end__ = _ebss

._user_heap_stack
                0x0000000020000394      0x604 load address 0x0000000008002fc8
                0x0000000020000398                . = ALIGN (0x8)
 *fill*         0x0000000020000394        0x4 
                [!provide]                        PROVIDE (end = .)
                0x0000000020000398                PROVIDE (_end = .)
                0x0000000020000598                . = (. + _Min_Heap_Size)
 *fill*         0x0000000020000398      0x200 
                0x0000000020000998                . = (. + _Min_Stack_Size)
 *fill*         0x0000000020000598      0x400 
                0x0000000020000998                . = ALIGN (0x8)

/DISCARD/
 libc.a(*)
 libm.a(*)
 libgcc.a(*)

.ARM.attributes
                0x0000000000000000       0x29
 *(.ARM.attributes)
 .ARM.attributes
                0x0000000000000000       0x1d d:/stm32cubeide_1.7.0/stm32cubeide/plugins/com.st.stm32cube.ide.mcu.externaltools.gnu-tools-for-stm32.9-2020-q2-update.win32_2.0.0.202105311346/tools/bin/../lib/gcc/arm-none-eabi/9.3.1/thumb/v7-m/nofp/crti.o
 .ARM.attributes
                0x000000000000001d       0x2d d:/stm32cubeide_1.7.0/stm32cubeide/plugins/com.st.stm32cube.ide.mcu.externaltools.gnu-tools-for-stm32.9-2020-q2-update.win32_2.0.0.202105311346/tools/bin/../lib/gcc/arm-none-eabi/9.3.1/thumb/v7-m/nofp/crtbegin.o
 .ARM.attributes
                0x000000000000004a       0x2d ./Core/Src/display7SEG.o
 .ARM.attributes
                0x0000000000000077       0x2d ./Core/Src/displayLED.o
 .ARM.attributes
                0x00000000000000a4       0x2d ./Core/Src/fsm_automatic.o
 .ARM.attributes
                0x00000000000000d1       0x2d ./Core/Src/fsm_config.o
 .ARM.attributes
                0x00000000000000fe       0x2d ./Core/Src/fsm_manual.o
 .ARM.attributes
                0x000000000000012b       0x33 ./Core/Src/global.o
 .ARM.attributes
                0x000000000000015e       0x2d ./Core/Src/input_reading.o
 .ARM.attributes
                0x000000000000018b       0x2d ./Core/Src/main.o
 .ARM.attributes
                0x00000000000001b8       0x2d ./Core/Src/scheduler.o
 .ARM.attributes
                0x00000000000001e5       0x2d ./Core/Src/stm32f1xx_hal_msp.o
 .ARM.attributes
                0x0000000000000212       0x2d ./Core/Src/stm32f1xx_it.o
 .ARM.attributes
                0x000000000000023f       0x2d ./Core/Src/system_stm32f1xx.o
 .ARM.attributes
                0x000000000000026c       0x21 ./Core/Startup/startup_stm32f103c6ux.o
 .ARM.attributes
                0x000000000000028d       0x2d ./Drivers/STM32F1xx_HAL_Driver/Src/stm32f1xx_hal.o
 .ARM.attributes
                0x00000000000002ba       0x2d ./Drivers/STM32F1xx_HAL_Driver/Src/stm32f1xx_hal_cortex.o
 .ARM.attributes
                0x00000000000002e7       0x2d ./Drivers/STM32F1xx_HAL_Driver/Src/stm32f1xx_hal_gpio.o
 .ARM.attributes
                0x0000000000000314       0x2d ./Drivers/STM32F1xx_HAL_Driver/Src/stm32f1xx_hal_rcc.o
 .ARM.attributes
                0x0000000000000341       0x2d ./Drivers/STM32F1xx_HAL_Driver/Src/stm32f1xx_hal_tim.o
 .ARM.attributes
                0x000000000000036e       0x2d ./Drivers/STM32F1xx_HAL_Driver/Src/stm32f1xx_hal_tim_ex.o
 .ARM.attributes
                0x000000000000039b       0x2d d:/stm32cubeide_1.7.0/stm32cubeide/plugins/com.st.stm32cube.ide.mcu.externaltools.gnu-tools-for-stm32.9-2020-q2-update.win32_2.0.0.202105311346/tools/bin/../lib/gcc/arm-none-eabi/9.3.1/../../../../arm-none-eabi/lib/thumb/v7-m/nofp\libc_nano.a(lib_a-init.o)
 .ARM.attributes
                0x00000000000003c8       0x2d d:/stm32cubeide_1.7.0/stm32cubeide/plugins/com.st.stm32cube.ide.mcu.externaltools.gnu-tools-for-stm32.9-2020-q2-update.win32_2.0.0.202105311346/tools/bin/../lib/gcc/arm-none-eabi/9.3.1/../../../../arm-none-eabi/lib/thumb/v7-m/nofp\libc_nano.a(lib_a-memset.o)
 .ARM.attributes
                0x00000000000003f5       0x1d d:/stm32cubeide_1.7.0/stm32cubeide/plugins/com.st.stm32cube.ide.mcu.externaltools.gnu-tools-for-stm32.9-2020-q2-update.win32_2.0.0.202105311346/tools/bin/../lib/gcc/arm-none-eabi/9.3.1/thumb/v7-m/nofp/crtn.o
OUTPUT(LAB4.elf elf32-littlearm)
LOAD linker stubs
LOAD d:/stm32cubeide_1.7.0/stm32cubeide/plugins/com.st.stm32cube.ide.mcu.externaltools.gnu-tools-for-stm32.9-2020-q2-update.win32_2.0.0.202105311346/tools/bin/../lib/gcc/arm-none-eabi/9.3.1/../../../../arm-none-eabi/lib/thumb/v7-m/nofp\libc.a
LOAD d:/stm32cubeide_1.7.0/stm32cubeide/plugins/com.st.stm32cube.ide.mcu.externaltools.gnu-tools-for-stm32.9-2020-q2-update.win32_2.0.0.202105311346/tools/bin/../lib/gcc/arm-none-eabi/9.3.1/../../../../arm-none-eabi/lib/thumb/v7-m/nofp\libm.a
LOAD d:/stm32cubeide_1.7.0/stm32cubeide/plugins/com.st.stm32cube.ide.mcu.externaltools.gnu-tools-for-stm32.9-2020-q2-update.win32_2.0.0.202105311346/tools/bin/../lib/gcc/arm-none-eabi/9.3.1/thumb/v7-m/nofp\libgcc.a

.debug_info     0x0000000000000000     0x9d76
 .debug_info    0x0000000000000000      0x3a8 ./Core/Src/display7SEG.o
 .debug_info    0x00000000000003a8      0x3ab ./Core/Src/displayLED.o
 .debug_info    0x0000000000000753      0x2ce ./Core/Src/fsm_automatic.o
 .debug_info    0x0000000000000a21      0x29c ./Core/Src/fsm_config.o
 .debug_info    0x0000000000000cbd      0x280 ./Core/Src/fsm_manual.o
 .debug_info    0x0000000000000f3d      0x2c0 ./Core/Src/global.o
 .debug_info    0x00000000000011fd      0x343 ./Core/Src/input_reading.o
 .debug_info    0x0000000000001540      0xc85 ./Core/Src/main.o
 .debug_info    0x00000000000021c5      0x2c0 ./Core/Src/scheduler.o
 .debug_info    0x0000000000002485      0xa09 ./Core/Src/stm32f1xx_hal_msp.o
 .debug_info    0x0000000000002e8e      0x7b9 ./Core/Src/stm32f1xx_it.o
 .debug_info    0x0000000000003647      0x2be ./Core/Src/system_stm32f1xx.o
 .debug_info    0x0000000000003905       0x22 ./Core/Startup/startup_stm32f103c6ux.o
 .debug_info    0x0000000000003927      0x74c ./Drivers/STM32F1xx_HAL_Driver/Src/stm32f1xx_hal.o
 .debug_info    0x0000000000004073      0xbbe ./Drivers/STM32F1xx_HAL_Driver/Src/stm32f1xx_hal_cortex.o
 .debug_info    0x0000000000004c31      0x701 ./Drivers/STM32F1xx_HAL_Driver/Src/stm32f1xx_hal_gpio.o
 .debug_info    0x0000000000005332      0x893 ./Drivers/STM32F1xx_HAL_Driver/Src/stm32f1xx_hal_rcc.o
 .debug_info    0x0000000000005bc5     0x2c32 ./Drivers/STM32F1xx_HAL_Driver/Src/stm32f1xx_hal_tim.o
 .debug_info    0x00000000000087f7     0x157f ./Drivers/STM32F1xx_HAL_Driver/Src/stm32f1xx_hal_tim_ex.o

.debug_abbrev   0x0000000000000000     0x1d7a
 .debug_abbrev  0x0000000000000000      0x165 ./Core/Src/display7SEG.o
 .debug_abbrev  0x0000000000000165      0x125 ./Core/Src/displayLED.o
 .debug_abbrev  0x000000000000028a       0xeb ./Core/Src/fsm_automatic.o
 .debug_abbrev  0x0000000000000375       0xd8 ./Core/Src/fsm_config.o
 .debug_abbrev  0x000000000000044d       0xc9 ./Core/Src/fsm_manual.o
 .debug_abbrev  0x0000000000000516       0xa9 ./Core/Src/global.o
 .debug_abbrev  0x00000000000005bf      0x141 ./Core/Src/input_reading.o
 .debug_abbrev  0x0000000000000700      0x262 ./Core/Src/main.o
 .debug_abbrev  0x0000000000000962      0x16c ./Core/Src/scheduler.o
 .debug_abbrev  0x0000000000000ace      0x1b7 ./Core/Src/stm32f1xx_hal_msp.o
 .debug_abbrev  0x0000000000000c85      0x176 ./Core/Src/stm32f1xx_it.o
 .debug_abbrev  0x0000000000000dfb      0x14e ./Core/Src/system_stm32f1xx.o
 .debug_abbrev  0x0000000000000f49       0x12 ./Core/Startup/startup_stm32f103c6ux.o
 .debug_abbrev  0x0000000000000f5b      0x1ed ./Drivers/STM32F1xx_HAL_Driver/Src/stm32f1xx_hal.o
 .debug_abbrev  0x0000000000001148      0x313 ./Drivers/STM32F1xx_HAL_Driver/Src/stm32f1xx_hal_cortex.o
 .debug_abbrev  0x000000000000145b      0x1e8 ./Drivers/STM32F1xx_HAL_Driver/Src/stm32f1xx_hal_gpio.o
 .debug_abbrev  0x0000000000001643      0x273 ./Drivers/STM32F1xx_HAL_Driver/Src/stm32f1xx_hal_rcc.o
 .debug_abbrev  0x00000000000018b6      0x25e ./Drivers/STM32F1xx_HAL_Driver/Src/stm32f1xx_hal_tim.o
 .debug_abbrev  0x0000000000001b14      0x266 ./Drivers/STM32F1xx_HAL_Driver/Src/stm32f1xx_hal_tim_ex.o

.debug_aranges  0x0000000000000000      0xac8
 .debug_aranges
                0x0000000000000000       0x48 ./Core/Src/display7SEG.o
 .debug_aranges
                0x0000000000000048       0x58 ./Core/Src/displayLED.o
 .debug_aranges
                0x00000000000000a0       0x20 ./Core/Src/fsm_automatic.o
 .debug_aranges
                0x00000000000000c0       0x20 ./Core/Src/fsm_config.o
 .debug_aranges
                0x00000000000000e0       0x20 ./Core/Src/fsm_manual.o
 .debug_aranges
                0x0000000000000100       0x18 ./Core/Src/global.o
 .debug_aranges
                0x0000000000000118       0x30 ./Core/Src/input_reading.o
 .debug_aranges
                0x0000000000000148       0x50 ./Core/Src/main.o
 .debug_aranges
                0x0000000000000198       0x48 ./Core/Src/scheduler.o
 .debug_aranges
                0x00000000000001e0       0x30 ./Core/Src/stm32f1xx_hal_msp.o
 .debug_aranges
                0x0000000000000210       0x68 ./Core/Src/stm32f1xx_it.o
 .debug_aranges
                0x0000000000000278       0x28 ./Core/Src/system_stm32f1xx.o
 .debug_aranges
                0x00000000000002a0       0x28 ./Core/Startup/startup_stm32f103c6ux.o
 .debug_aranges
                0x00000000000002c8       0xe0 ./Drivers/STM32F1xx_HAL_Driver/Src/stm32f1xx_hal.o
 .debug_aranges
                0x00000000000003a8      0x100 ./Drivers/STM32F1xx_HAL_Driver/Src/stm32f1xx_hal_cortex.o
 .debug_aranges
                0x00000000000004a8       0x58 ./Drivers/STM32F1xx_HAL_Driver/Src/stm32f1xx_hal_gpio.o
 .debug_aranges
                0x0000000000000500       0x90 ./Drivers/STM32F1xx_HAL_Driver/Src/stm32f1xx_hal_rcc.o
 .debug_aranges
                0x0000000000000590      0x3d0 ./Drivers/STM32F1xx_HAL_Driver/Src/stm32f1xx_hal_tim.o
 .debug_aranges
                0x0000000000000960      0x168 ./Drivers/STM32F1xx_HAL_Driver/Src/stm32f1xx_hal_tim_ex.o

.debug_ranges   0x0000000000000000      0x998
 .debug_ranges  0x0000000000000000       0x38 ./Core/Src/display7SEG.o
 .debug_ranges  0x0000000000000038       0x48 ./Core/Src/displayLED.o
 .debug_ranges  0x0000000000000080       0x10 ./Core/Src/fsm_automatic.o
 .debug_ranges  0x0000000000000090       0x10 ./Core/Src/fsm_config.o
 .debug_ranges  0x00000000000000a0       0x10 ./Core/Src/fsm_manual.o
 .debug_ranges  0x00000000000000b0       0x20 ./Core/Src/input_reading.o
 .debug_ranges  0x00000000000000d0       0x40 ./Core/Src/main.o
 .debug_ranges  0x0000000000000110       0x38 ./Core/Src/scheduler.o
 .debug_ranges  0x0000000000000148       0x20 ./Core/Src/stm32f1xx_hal_msp.o
 .debug_ranges  0x0000000000000168       0x58 ./Core/Src/stm32f1xx_it.o
 .debug_ranges  0x00000000000001c0       0x18 ./Core/Src/system_stm32f1xx.o
 .debug_ranges  0x00000000000001d8       0x20 ./Core/Startup/startup_stm32f103c6ux.o
 .debug_ranges  0x00000000000001f8       0xd0 ./Drivers/STM32F1xx_HAL_Driver/Src/stm32f1xx_hal.o
 .debug_ranges  0x00000000000002c8       0xf0 ./Drivers/STM32F1xx_HAL_Driver/Src/stm32f1xx_hal_cortex.o
 .debug_ranges  0x00000000000003b8       0x48 ./Drivers/STM32F1xx_HAL_Driver/Src/stm32f1xx_hal_gpio.o
 .debug_ranges  0x0000000000000400       0x80 ./Drivers/STM32F1xx_HAL_Driver/Src/stm32f1xx_hal_rcc.o
 .debug_ranges  0x0000000000000480      0x3c0 ./Drivers/STM32F1xx_HAL_Driver/Src/stm32f1xx_hal_tim.o
 .debug_ranges  0x0000000000000840      0x158 ./Drivers/STM32F1xx_HAL_Driver/Src/stm32f1xx_hal_tim_ex.o

.debug_macro    0x0000000000000000    0x1721b
 .debug_macro   0x0000000000000000      0x1c3 ./Core/Src/display7SEG.o
 .debug_macro   0x00000000000001c3      0xa9c ./Core/Src/display7SEG.o
 .debug_macro   0x0000000000000c5f      0x215 ./Core/Src/display7SEG.o
 .debug_macro   0x0000000000000e74       0x2e ./Core/Src/display7SEG.o
 .debug_macro   0x0000000000000ea2       0x22 ./Core/Src/display7SEG.o
 .debug_macro   0x0000000000000ec4       0x22 ./Core/Src/display7SEG.o
 .debug_macro   0x0000000000000ee6       0x8e ./Core/Src/display7SEG.o
 .debug_macro   0x0000000000000f74       0x51 ./Core/Src/display7SEG.o
 .debug_macro   0x0000000000000fc5      0x103 ./Core/Src/display7SEG.o
 .debug_macro   0x00000000000010c8       0x6a ./Core/Src/display7SEG.o
 .debug_macro   0x0000000000001132      0x1df ./Core/Src/display7SEG.o
 .debug_macro   0x0000000000001311       0x1c ./Core/Src/display7SEG.o
 .debug_macro   0x000000000000132d       0x22 ./Core/Src/display7SEG.o
 .debug_macro   0x000000000000134f       0xc3 ./Core/Src/display7SEG.o
 .debug_macro   0x0000000000001412      0xd23 ./Core/Src/display7SEG.o
 .debug_macro   0x0000000000002135     0xde75 ./Core/Src/display7SEG.o
 .debug_macro   0x000000000000ffaa       0x6d ./Core/Src/display7SEG.o
 .debug_macro   0x0000000000010017     0x34a2 ./Core/Src/display7SEG.o
 .debug_macro   0x00000000000134b9      0x174 ./Core/Src/display7SEG.o
 .debug_macro   0x000000000001362d       0x5c ./Core/Src/display7SEG.o
 .debug_macro   0x0000000000013689      0x5bc ./Core/Src/display7SEG.o
 .debug_macro   0x0000000000013c45      0x1b7 ./Core/Src/display7SEG.o
 .debug_macro   0x0000000000013dfc      0x1cb ./Core/Src/display7SEG.o
 .debug_macro   0x0000000000013fc7      0x114 ./Core/Src/display7SEG.o
 .debug_macro   0x00000000000140db      0x1b2 ./Core/Src/display7SEG.o
 .debug_macro   0x000000000001428d       0x27 ./Core/Src/display7SEG.o
 .debug_macro   0x00000000000142b4      0x12f ./Core/Src/display7SEG.o
 .debug_macro   0x00000000000143e3      0x1bc ./Core/Src/display7SEG.o
 .debug_macro   0x000000000001459f       0x34 ./Core/Src/display7SEG.o
 .debug_macro   0x00000000000145d3       0x3c ./Core/Src/display7SEG.o
 .debug_macro   0x000000000001460f       0x57 ./Core/Src/display7SEG.o
 .debug_macro   0x0000000000014666       0x87 ./Core/Src/display7SEG.o
 .debug_macro   0x00000000000146ed      0x183 ./Core/Src/display7SEG.o
 .debug_macro   0x0000000000014870      0x140 ./Core/Src/display7SEG.o
 .debug_macro   0x00000000000149b0      0x8ed ./Core/Src/display7SEG.o
 .debug_macro   0x000000000001529d       0x69 ./Core/Src/display7SEG.o
 .debug_macro   0x0000000000015306      0x16c ./Core/Src/display7SEG.o
 .debug_macro   0x0000000000015472       0x5e ./Core/Src/display7SEG.o
 .debug_macro   0x00000000000154d0      0x1c3 ./Core/Src/displayLED.o
 .debug_macro   0x0000000000015693      0x207 ./Core/Src/fsm_automatic.o
 .debug_macro   0x000000000001589a       0x22 ./Core/Src/fsm_automatic.o
 .debug_macro   0x00000000000158bc       0x1c ./Core/Src/fsm_automatic.o
 .debug_macro   0x00000000000158d8      0x207 ./Core/Src/fsm_config.o
 .debug_macro   0x0000000000015adf      0x207 ./Core/Src/fsm_manual.o
 .debug_macro   0x0000000000015ce6      0x1c2 ./Core/Src/global.o
 .debug_macro   0x0000000000015ea8      0x1c7 ./Core/Src/input_reading.o
 .debug_macro   0x000000000001606f      0x20b ./Core/Src/main.o
 .debug_macro   0x000000000001627a       0x72 ./Core/Src/scheduler.o
 .debug_macro   0x00000000000162ec       0x16 ./Core/Src/scheduler.o
 .debug_macro   0x0000000000016302      0x1a6 ./Core/Src/stm32f1xx_hal_msp.o
 .debug_macro   0x00000000000164a8      0x1b0 ./Core/Src/stm32f1xx_it.o
 .debug_macro   0x0000000000016658      0x197 ./Core/Src/system_stm32f1xx.o
 .debug_macro   0x00000000000167ef      0x1bb ./Drivers/STM32F1xx_HAL_Driver/Src/stm32f1xx_hal.o
 .debug_macro   0x00000000000169aa      0x197 ./Drivers/STM32F1xx_HAL_Driver/Src/stm32f1xx_hal_cortex.o
 .debug_macro   0x0000000000016b41      0x202 ./Drivers/STM32F1xx_HAL_Driver/Src/stm32f1xx_hal_gpio.o
 .debug_macro   0x0000000000016d43      0x1a9 ./Drivers/STM32F1xx_HAL_Driver/Src/stm32f1xx_hal_rcc.o
 .debug_macro   0x0000000000016eec      0x198 ./Drivers/STM32F1xx_HAL_Driver/Src/stm32f1xx_hal_tim.o
 .debug_macro   0x0000000000017084      0x197 ./Drivers/STM32F1xx_HAL_Driver/Src/stm32f1xx_hal_tim_ex.o

.debug_line     0x0000000000000000     0xcd1a
 .debug_line    0x0000000000000000      0x782 ./Core/Src/display7SEG.o
 .debug_line    0x0000000000000782      0x715 ./Core/Src/displayLED.o
 .debug_line    0x0000000000000e97      0x7b9 ./Core/Src/fsm_automatic.o
 .debug_line    0x0000000000001650      0x7db ./Core/Src/fsm_config.o
 .debug_line    0x0000000000001e2b      0x7a6 ./Core/Src/fsm_manual.o
 .debug_line    0x00000000000025d1      0x650 ./Core/Src/global.o
 .debug_line    0x0000000000002c21      0x724 ./Core/Src/input_reading.o
 .debug_line    0x0000000000003345      0x827 ./Core/Src/main.o
 .debug_line    0x0000000000003b6c      0x693 ./Core/Src/scheduler.o
 .debug_line    0x00000000000041ff      0x695 ./Core/Src/stm32f1xx_hal_msp.o
 .debug_line    0x0000000000004894      0x733 ./Core/Src/stm32f1xx_it.o
 .debug_line    0x0000000000004fc7      0x6d7 ./Core/Src/system_stm32f1xx.o
 .debug_line    0x000000000000569e       0x86 ./Core/Startup/startup_stm32f103c6ux.o
 .debug_line    0x0000000000005724      0x904 ./Drivers/STM32F1xx_HAL_Driver/Src/stm32f1xx_hal.o
 .debug_line    0x0000000000006028      0xaec ./Drivers/STM32F1xx_HAL_Driver/Src/stm32f1xx_hal_cortex.o
 .debug_line    0x0000000000006b14      0x987 ./Drivers/STM32F1xx_HAL_Driver/Src/stm32f1xx_hal_gpio.o
 .debug_line    0x000000000000749b      0xd10 ./Drivers/STM32F1xx_HAL_Driver/Src/stm32f1xx_hal_rcc.o
 .debug_line    0x00000000000081ab     0x3355 ./Drivers/STM32F1xx_HAL_Driver/Src/stm32f1xx_hal_tim.o
 .debug_line    0x000000000000b500     0x181a ./Drivers/STM32F1xx_HAL_Driver/Src/stm32f1xx_hal_tim_ex.o

.debug_str      0x0000000000000000    0x829cf
 .debug_str     0x0000000000000000    0x7fbb7 ./Core/Src/display7SEG.o
                                      0x7fef5 (size before relaxing)
 .debug_str     0x000000000007fbb7       0xb9 ./Core/Src/displayLED.o
                                      0x7fefe (size before relaxing)
 .debug_str     0x000000000007fc70      0x16e ./Core/Src/fsm_automatic.o
                                      0x7ffb7 (size before relaxing)
 .debug_str     0x000000000007fdde       0x44 ./Core/Src/fsm_config.o
                                      0x7ff9c (size before relaxing)
 .debug_str     0x000000000007fe22       0x28 ./Core/Src/fsm_manual.o
                                      0x7ff99 (size before relaxing)
 .debug_str     0x000000000007fe4a       0x15 ./Core/Src/global.o
                                      0x7fe6e (size before relaxing)
 .debug_str     0x000000000007fe5f      0x146 ./Core/Src/input_reading.o
                                      0x7fe33 (size before relaxing)
 .debug_str     0x000000000007ffa5      0x701 ./Core/Src/main.o
                                      0x80750 (size before relaxing)
 .debug_str     0x00000000000806a6       0xe5 ./Core/Src/scheduler.o
                                       0x3dcc (size before relaxing)
 .debug_str     0x000000000008078b      0x2ba ./Core/Src/stm32f1xx_hal_msp.o
                                      0x80477 (size before relaxing)
 .debug_str     0x0000000000080a45       0xcd ./Core/Src/stm32f1xx_it.o
                                      0x801d9 (size before relaxing)
 .debug_str     0x0000000000080b12       0x52 ./Core/Src/system_stm32f1xx.o
                                      0x7f762 (size before relaxing)
 .debug_str     0x0000000000080b64       0x36 ./Core/Startup/startup_stm32f103c6ux.o
                                         0x56 (size before relaxing)
 .debug_str     0x0000000000080b9a      0x304 ./Drivers/STM32F1xx_HAL_Driver/Src/stm32f1xx_hal.o
                                      0x7fdb9 (size before relaxing)
 .debug_str     0x0000000000080e9e      0x300 ./Drivers/STM32F1xx_HAL_Driver/Src/stm32f1xx_hal_cortex.o
                                      0x7fdc1 (size before relaxing)
 .debug_str     0x000000000008119e      0x316 ./Drivers/STM32F1xx_HAL_Driver/Src/stm32f1xx_hal_gpio.o
                                      0x7fb26 (size before relaxing)
 .debug_str     0x00000000000814b4      0x24f ./Drivers/STM32F1xx_HAL_Driver/Src/stm32f1xx_hal_rcc.o
                                      0x7fb5f (size before relaxing)
 .debug_str     0x0000000000081703      0xdde ./Drivers/STM32F1xx_HAL_Driver/Src/stm32f1xx_hal_tim.o
                                      0x80b48 (size before relaxing)
 .debug_str     0x00000000000824e1      0x4ee ./Drivers/STM32F1xx_HAL_Driver/Src/stm32f1xx_hal_tim_ex.o
                                      0x802e9 (size before relaxing)

.comment        0x0000000000000000       0x53
 .comment       0x0000000000000000       0x53 ./Core/Src/display7SEG.o
                                         0x54 (size before relaxing)
 .comment       0x0000000000000053       0x54 ./Core/Src/displayLED.o
 .comment       0x0000000000000053       0x54 ./Core/Src/fsm_automatic.o
 .comment       0x0000000000000053       0x54 ./Core/Src/fsm_config.o
 .comment       0x0000000000000053       0x54 ./Core/Src/fsm_manual.o
 .comment       0x0000000000000053       0x54 ./Core/Src/global.o
 .comment       0x0000000000000053       0x54 ./Core/Src/input_reading.o
 .comment       0x0000000000000053       0x54 ./Core/Src/main.o
 .comment       0x0000000000000053       0x54 ./Core/Src/scheduler.o
 .comment       0x0000000000000053       0x54 ./Core/Src/stm32f1xx_hal_msp.o
 .comment       0x0000000000000053       0x54 ./Core/Src/stm32f1xx_it.o
 .comment       0x0000000000000053       0x54 ./Core/Src/system_stm32f1xx.o
 .comment       0x0000000000000053       0x54 ./Drivers/STM32F1xx_HAL_Driver/Src/stm32f1xx_hal.o
 .comment       0x0000000000000053       0x54 ./Drivers/STM32F1xx_HAL_Driver/Src/stm32f1xx_hal_cortex.o
 .comment       0x0000000000000053       0x54 ./Drivers/STM32F1xx_HAL_Driver/Src/stm32f1xx_hal_gpio.o
 .comment       0x0000000000000053       0x54 ./Drivers/STM32F1xx_HAL_Driver/Src/stm32f1xx_hal_rcc.o
 .comment       0x0000000000000053       0x54 ./Drivers/STM32F1xx_HAL_Driver/Src/stm32f1xx_hal_tim.o
 .comment       0x0000000000000053       0x54 ./Drivers/STM32F1xx_HAL_Driver/Src/stm32f1xx_hal_tim_ex.o

.debug_frame    0x0000000000000000     0x29c4
 .debug_frame   0x0000000000000000       0xe0 ./Core/Src/display7SEG.o
 .debug_frame   0x00000000000000e0      0x108 ./Core/Src/displayLED.o
 .debug_frame   0x00000000000001e8       0x2c ./Core/Src/fsm_automatic.o
 .debug_frame   0x0000000000000214       0x2c ./Core/Src/fsm_config.o
 .debug_frame   0x0000000000000240       0x2c ./Core/Src/fsm_manual.o
 .debug_frame   0x000000000000026c       0x84 ./Core/Src/input_reading.o
 .debug_frame   0x00000000000002f0       0xf4 ./Core/Src/main.o
 .debug_frame   0x00000000000003e4       0xf0 ./Core/Src/scheduler.o
 .debug_frame   0x00000000000004d4       0x80 ./Core/Src/stm32f1xx_hal_msp.o
 .debug_frame   0x0000000000000554      0x120 ./Core/Src/stm32f1xx_it.o
 .debug_frame   0x0000000000000674       0x58 ./Core/Src/system_stm32f1xx.o
 .debug_frame   0x00000000000006cc      0x334 ./Drivers/STM32F1xx_HAL_Driver/Src/stm32f1xx_hal.o
 .debug_frame   0x0000000000000a00      0x428 ./Drivers/STM32F1xx_HAL_Driver/Src/stm32f1xx_hal_cortex.o
 .debug_frame   0x0000000000000e28      0x14c ./Drivers/STM32F1xx_HAL_Driver/Src/stm32f1xx_hal_gpio.o
 .debug_frame   0x0000000000000f74      0x218 ./Drivers/STM32F1xx_HAL_Driver/Src/stm32f1xx_hal_rcc.o
 .debug_frame   0x000000000000118c     0x11b4 ./Drivers/STM32F1xx_HAL_Driver/Src/stm32f1xx_hal_tim.o
 .debug_frame   0x0000000000002340      0x638 ./Drivers/STM32F1xx_HAL_Driver/Src/stm32f1xx_hal_tim_ex.o
 .debug_frame   0x0000000000002978       0x2c d:/stm32cubeide_1.7.0/stm32cubeide/plugins/com.st.stm32cube.ide.mcu.externaltools.gnu-tools-for-stm32.9-2020-q2-update.win32_2.0.0.202105311346/tools/bin/../lib/gcc/arm-none-eabi/9.3.1/../../../../arm-none-eabi/lib/thumb/v7-m/nofp\libc_nano.a(lib_a-init.o)
 .debug_frame   0x00000000000029a4       0x20 d:/stm32cubeide_1.7.0/stm32cubeide/plugins/com.st.stm32cube.ide.mcu.externaltools.gnu-tools-for-stm32.9-2020-q2-update.win32_2.0.0.202105311346/tools/bin/../lib/gcc/arm-none-eabi/9.3.1/../../../../arm-none-eabi/lib/thumb/v7-m/nofp\libc_nano.a(lib_a-memset.o)
